pnpm 10.34.5 / node v24.21.0 — 2026-09-22T10:31:06+05:30
Scope: all 9 workspace projects
Progress: resolved 0, reused 0, downloaded 1, added 0

   ╭─────────────────────────────────────────╮
   │                                         │
   │   Update available! 10.34.5 → 12.5.1.   │
   │   Changelog: https://pnpm.io/v/12.5.1   │
   │    To update, run: pnpm add -g pnpm     │
   │                                         │
   ╰─────────────────────────────────────────╯

Progress: resolved 61, reused 0, downloaded 61, added 0
artifacts/mockup-sandbox                 |  WARN  deprecated recharts@2.15.4
Progress: resolved 73, reused 0, downloaded 73, added 0
Progress: resolved 81, reused 0, downloaded 81, added 0
Progress: resolved 85, reused 0, downloaded 85, added 0
Progress: resolved 87, reused 0, downloaded 87, added 0
Progress: resolved 89, reused 0, downloaded 89, added 0
Progress: resolved 90, reused 0, downloaded 90, added 0
Progress: resolved 113, reused 0, downloaded 111, added 0
Progress: resolved 215, reused 0, downloaded 211, added 0
Progress: resolved 244, reused 0, downloaded 240, added 0
Progress: resolved 287, reused 0, downloaded 284, added 0
Progress: resolved 325, reused 0, downloaded 321, added 0
Progress: resolved 390, reused 0, downloaded 382, added 0
Progress: resolved 430, reused 0, downloaded 424, added 0
Progress: resolved 508, reused 0, downloaded 502, added 0
Progress: resolved 523, reused 0, downloaded 517, added 0
Progress: resolved 531, reused 0, downloaded 525, added 0
Progress: resolved 531, reused 0, downloaded 526, added 0
Packages: +526
++++++++++++++++++++++++++++++++++++++++++++++++++++++++++++++++++++++++++++++++
Progress: resolved 532, reused 0, downloaded 526, added 0
Progress: resolved 532, reused 0, downloaded 526, added 108
Progress: resolved 532, reused 0, downloaded 526, added 227
Progress: resolved 532, reused 0, downloaded 526, added 275
Progress: resolved 532, reused 0, downloaded 526, added 294
Progress: resolved 532, reused 0, downloaded 526, added 298
Progress: resolved 532, reused 0, downloaded 526, added 299
Progress: resolved 532, reused 0, downloaded 526, added 317
Progress: resolved 532, reused 0, downloaded 526, added 357
Progress: resolved 532, reused 0, downloaded 526, added 396
Progress: resolved 532, reused 0, downloaded 526, added 425
Progress: resolved 532, reused 0, downloaded 526, added 483
Progress: resolved 532, reused 0, downloaded 526, added 495
Progress: resolved 532, reused 0, downloaded 526, added 524
Progress: resolved 532, reused 0, downloaded 526, added 526, done
.../esbuild@0.27.3/node_modules/esbuild postinstall$ node install.js
.../esbuild@0.27.3/node_modules/esbuild postinstall: Done
. preinstall$ sh -c 'rm -f package-lock.json yarn.lock; case "$npm_config_user_agent" in pnpm/*) ;; *) echo "Use pnpm instead" >&2; exit 1 ;; esac'
. preinstall: Done

dependencies:
+ @replit/connectors-sdk 0.4.1

devDependencies:
+ prettier 3.9.6 (3.9.8 is available)
+ typescript 5.9.3 (7.0.2 is available)

Done in 47.4s using pnpm v10.34.5
EXIT: 0
