
> workspace@0.0.0 typecheck <mirror>
> pnpm run typecheck:libs && pnpm -r --filter "./artifacts/**" --filter "./scripts" --if-present run typecheck


> workspace@0.0.0 typecheck:libs <mirror>
> tsc --build

Scope: 4 of 9 workspace projects
artifacts/api-server typecheck$ tsc -p tsconfig.json --noEmit
artifacts/mockup-sandbox typecheck$ tsc -p tsconfig.json --noEmit
artifacts/productarmor-site typecheck$ tsc -p tsconfig.json --noEmit
scripts typecheck$ tsc -p tsconfig.json --noEmit
scripts typecheck: Done
artifacts/api-server typecheck: Done
artifacts/mockup-sandbox typecheck: Done
artifacts/productarmor-site typecheck: src/admin/AdminDashboard.tsx(199,31): error TS2322: Type 'number' is not assignable to type 'never'.
artifacts/productarmor-site typecheck: src/admin/AdminDashboard.tsx(227,29): error TS2322: Type 'number' is not assignable to type 'never'.
artifacts/productarmor-site typecheck: src/admin/AdminDashboard.tsx(729,17): error TS2322: Type 'number' is not assignable to type 'never'.
artifacts/productarmor-site typecheck: src/admin/AdminDashboard.tsx(729,27): error TS2322: Type 'string' is not assignable to type 'never'.
artifacts/productarmor-site typecheck: Failed
<mirror>\artifacts\productarmor-site:
 ERR_PNPM_RECURSIVE_RUN_FIRST_FAIL  @workspace/productarmor-site@0.0.0 typecheck: `tsc -p tsconfig.json --noEmit`
Exit status 2
 ELIFECYCLE  Command failed with exit code 2.
EXIT: 2
